 argument  1 = cation_nwchem_singlet_tda_velocity.in



============================== echo of input deck ==============================
echo

geometry units angstrom noautoz nocenter
symmetry c1
H 0.000 0.000 0.000
end

charge 0

basis
  * library cc-pvdz
end

dft
  mult 2
  xc hfexch
  direct
  maxiter 1000
  convergence energy 1.0e-10
end

tddft
  nroots 100
  singlet
  notriplet
  cdspectrum
  velocity
  tda
end

task tddft energy
================================================================================


                                         
                                         


              Northwest Computational Chemistry Package (NWChem) 6.6
              ------------------------------------------------------


                    Environmental Molecular Sciences Laboratory
                       Pacific Northwest National Laboratory
                                Richland, WA 99352

                              Copyright (c) 1994-2015
                       Pacific Northwest National Laboratory
                            Battelle Memorial Institute

             NWChem is an open-source computational chemistry package
                        distributed under the terms of the
                      Educational Community License (ECL) 2.0
             A copy of the license is included with this distribution
                              in the LICENSE.TXT file

                                  ACKNOWLEDGMENT
                                  --------------

            This software and its documentation were developed at the
            EMSL at Pacific Northwest National Laboratory, a multiprogram
            national laboratory, operated for the U.S. Department of Energy
            by Battelle under Contract Number DE-AC05-76RL01830. Support
            for this work was provided by the Department of Energy Office
            of Biological and Environmental Research, Office of Basic
            Energy Sciences, and the Office of Advanced Scientific Computing.


           Job information
           ---------------

    hostname        = copper
    program         = nwchem
    date            = Thu Apr  6 11:49:44 2017

    compiled        = Sun_Feb_14_13:23:17_2016
    source          = /build/nwchem-XLLp2O/nwchem-6.6+r27746
    nwchem branch   = 6.6
    nwchem revision = 27746
    ga revision     = 10594
    input           = cation_nwchem_singlet_tda_velocity.in
    prefix          = cation_nwchem_singlet_tda_velocity.
    data base       = ./cation_nwchem_singlet_tda_velocity.db
    status          = restart
    nproc           =        1
    time left       =     -1s



           Memory information
           ------------------

    heap     =   13107194 doubles =    100.0 Mbytes
    stack    =   13107199 doubles =    100.0 Mbytes
    global   =   26214400 doubles =    200.0 Mbytes (distinct from heap & stack)
    total    =   52428793 doubles =    400.0 Mbytes
    verify   = yes
    hardfail = no 


           Directory information
           ---------------------

  0 permanent = .
  0 scratch   = .


           Previous task information
           -------------------------

    Theory    = tddft                           
    Operation = energy                        
    Status    = fail                          
    Qmmm      = F
    Ignore    = F


           Geometries in the database
           --------------------------

       Name                              Natoms  Last Modified
       --------------------------------  ------  ------------------------
    1  geometry                               1  Thu Apr  6 11:49:31 2017  

  The geometry named "geometry" is the default for restart



           Basis sets in the database
           --------------------------

       Name                              Natoms  Last Modified
        --------------------------------  ------  ------------------------
    1  ao basis                               0  Thu Apr  6 11:49:31 2017  

  The basis set named "ao basis" is the default AO basis for restart




                                NWChem Input Module
                                -------------------



 Scaling coordinates for geometry "geometry" by  1.889725989
 (inverse scale =  0.529177249)



                             Geometry "geometry" -> ""
                             -------------------------

 Output coordinates in angstroms (scale by  1.889725989 to convert to a.u.)

  No.       Tag          Charge          X              Y              Z
 ---- ---------------- ---------- -------------- -------------- --------------
    1 H                    1.0000     0.00000000     0.00000000     0.00000000

      Atomic Mass 
      ----------- 

      H                  1.007825


 Effective nuclear repulsion energy (a.u.)       0.0000000000

            Nuclear Dipole moment (a.u.) 
            ----------------------------
        X                 Y               Z
 ---------------- ---------------- ----------------
     0.0000000000     0.0000000000     0.0000000000


            XYZ format geometry
            -------------------
     1
 geometry
 H                     0.00000000     0.00000000     0.00000000



 Summary of "ao basis" -> "" (cartesian)
 ------------------------------------------------------------------------------
       Tag                 Description            Shells   Functions and Types
 ---------------- ------------------------------  ------  ---------------------
 *                          cc-pvdz                   on all atoms 


  xc_inp: hfexch multiplicative factor not found.

                                 NWChem DFT Module
                                 -----------------


                      Basis "ao basis" -> "ao basis" (cartesian)
                      -----
  H (Hydrogen)
  ------------
            Exponent  Coefficients 
       -------------- ---------------------------------------------------------
  1 S  1.30100000E+01  0.019685
  1 S  1.96200000E+00  0.137977
  1 S  4.44600000E-01  0.478148

  2 S  1.22000000E-01  1.000000

  3 P  7.27000000E-01  1.000000



 Summary of "ao basis" -> "ao basis" (cartesian)
 ------------------------------------------------------------------------------
       Tag                 Description            Shells   Functions and Types
 ---------------- ------------------------------  ------  ---------------------
 H                          cc-pvdz                  3        5   2s1p




 Summary of "ao basis" -> "ao basis" (cartesian)
 ------------------------------------------------------------------------------
       Tag                 Description            Shells   Functions and Types
 ---------------- ------------------------------  ------  ---------------------
 H                          cc-pvdz                  3        5   2s1p


  Caching 1-el integrals 

            General Information
            -------------------
          SCF calculation type: DFT
          Wavefunction type:  spin polarized.
          No. of atoms     :     1
          No. of electrons :     1
           Alpha electrons :     1
            Beta electrons :     0
          Charge           :     0
          Spin multiplicity:     2
          Use of symmetry is: off; symmetry adaption is: off
          Maximum number of iterations: ***
          This is a Direct SCF calculation.
          AO basis - number of functions:     5
                     number of shells:     3
          Convergence on energy requested: 1.00D-10
          Convergence on density requested: 1.00D-05
          Convergence on gradient requested: 5.00D-04

              XC Information
              --------------
                     Hartree-Fock (Exact) Exchange  1.000          

          Convergence Information
          -----------------------
          Convergence aids based upon iterative change in 
          total energy or number of iterations. 
          Levelshifting, if invoked, occurs when the 
          HOMO/LUMO gap drops below (HL_TOL): 1.00D-02
          DIIS, if invoked, will attempt to extrapolate 
          using up to (NFOCK): 10 stored Fock matrices.

                    Damping( 0%)  Levelshifting(0.5)       DIIS
                  --------------- ------------------- ---------------
          dE  on:    start            ASAP                start   
          dE off:    2 iters        *** iters           *** iters 


      Screening Tolerance Information
      -------------------------------
          Density screening/tol_rho: 1.00D-13
          AO Gaussian exp screening on grid/accAOfunc:  23
          CD Gaussian exp screening on grid/accCDfunc:  20
          XC Gaussian exp screening on grid/accXCfunc:  20
          Schwarz screening/accCoul: 1.00D-11


 !! nbf/nmo/basis-name mismatch 
           nbf=   5 nbf_file=   1
           nmo=   5 nmo_file=   1
           basis="ao basis" basis_file="ao basis"

  Either an incorrect movecs file was specified, or linear dependence has changed,
  or the basis name was changed. 

 Loading old vectors from job with title :




  Load of old vectors failed.   Forcing atomic density guess


      Superposition of Atomic Density Guess
      -------------------------------------

 Sum of atomic energies:          -0.49927900

      Non-variational initial energy
      ------------------------------

 Total energy =      -0.499278
 1-e energy   =      -0.499278
 2-e energy   =       0.000000
 HOMO         =      -0.499278
 LUMO         =       0.181933

   Time after variat. SCF:      0.1
   Time prior to 1st pass:      0.1

           Memory utilization after 1st SCF pass: 
           Heap Space remaining (MW):       13.11            13106546
          Stack Space remaining (MW):       13.11            13107036

   convergence    iter        energy       DeltaE   RMS-Dens  Diis-err    time
 ---------------- ----- ----------------- --------- --------- ---------  ------
 d= 0,ls=0.0,diis     1     -0.4992784034 -4.99D-01  2.05D-16  0.00D+00     0.1
                                                     0.00D+00  0.00D+00
  Singularity in Pulay matrix. Error and Fock matrices removed. 
 d= 0,ls=0.0,diis     2     -0.4992784034  0.00D+00  7.28D-17  3.94D-31     0.1
                                                     0.00D+00  0.00D+00


         Total DFT energy =       -0.499278403420
      One electron energy =       -0.499278403420
           Coulomb energy =        0.312631652566
    Exchange-Corr. energy =       -0.312631652566
 Nuclear repulsion energy =        0.000000000000

 Numeric. integr. density =        0.000000000000

     Total iterative time =      0.0s



                    DFT Final Alpha Molecular Orbital Analysis
                    ------------------------------------------

 Vector    1  Occ=1.000000D+00  E=-4.992784D-01
              MO Center=  0.0D+00,  0.0D+00,  0.0D+00, r^2= 8.3D-01
   Bfn.  Coefficient  Atom+Function         Bfn.  Coefficient  Atom+Function  
  ----- ------------  ---------------      ----- ------------  ---------------
     1      0.587634  1 H  s                  2      0.501239  1 H  s          

 Vector    2  Occ=0.000000D+00  E= 5.724449D-01
              MO Center=  0.0D+00,  0.0D+00,  0.0D+00, r^2= 1.9D+00
   Bfn.  Coefficient  Atom+Function         Bfn.  Coefficient  Atom+Function  
  ----- ------------  ---------------      ----- ------------  ---------------
     2     -1.277544  1 H  s                  1      1.240179  1 H  s          

 Vector    3  Occ=0.000000D+00  E= 1.443027D+00
              MO Center=  0.0D+00,  0.0D+00,  0.0D+00, r^2= 4.8D-01
   Bfn.  Coefficient  Atom+Function         Bfn.  Coefficient  Atom+Function  
  ----- ------------  ---------------      ----- ------------  ---------------
     5      1.000000  1 H  pz         

 Vector    4  Occ=0.000000D+00  E= 1.443027D+00
              MO Center=  0.0D+00,  0.0D+00,  0.0D+00, r^2= 4.8D-01
   Bfn.  Coefficient  Atom+Function         Bfn.  Coefficient  Atom+Function  
  ----- ------------  ---------------      ----- ------------  ---------------
     3      1.000000  1 H  px         

 Vector    5  Occ=0.000000D+00  E= 1.443027D+00
              MO Center=  0.0D+00,  0.0D+00,  0.0D+00, r^2= 4.8D-01
   Bfn.  Coefficient  Atom+Function         Bfn.  Coefficient  Atom+Function  
  ----- ------------  ---------------      ----- ------------  ---------------
     4      1.000000  1 H  py         


                     DFT Final Beta Molecular Orbital Analysis
                     -----------------------------------------

 Vector    1  Occ=0.000000D+00  E=-4.992784D-01
              MO Center=  0.0D+00,  0.0D+00,  0.0D+00, r^2= 8.3D-01
   Bfn.  Coefficient  Atom+Function         Bfn.  Coefficient  Atom+Function  
  ----- ------------  ---------------      ----- ------------  ---------------
     1      0.587634  1 H  s                  2      0.501239  1 H  s          

 Vector    2  Occ=0.000000D+00  E= 1.819326D-01
              MO Center=  0.0D+00,  0.0D+00,  0.0D+00, r^2= 1.9D+00
   Bfn.  Coefficient  Atom+Function         Bfn.  Coefficient  Atom+Function  
  ----- ------------  ---------------      ----- ------------  ---------------
     2     -1.277544  1 H  s                  1      1.240179  1 H  s          

 Vector    3  Occ=0.000000D+00  E= 9.104191D-01
              MO Center=  0.0D+00,  0.0D+00,  0.0D+00, r^2= 4.8D-01
   Bfn.  Coefficient  Atom+Function         Bfn.  Coefficient  Atom+Function  
  ----- ------------  ---------------      ----- ------------  ---------------
     5      1.000000  1 H  pz         

 Vector    4  Occ=0.000000D+00  E= 9.104191D-01
              MO Center=  0.0D+00,  0.0D+00,  0.0D+00, r^2= 4.8D-01
   Bfn.  Coefficient  Atom+Function         Bfn.  Coefficient  Atom+Function  
  ----- ------------  ---------------      ----- ------------  ---------------
     3      1.000000  1 H  px         

 Vector    5  Occ=0.000000D+00  E= 9.104191D-01
              MO Center=  0.0D+00,  0.0D+00,  0.0D+00, r^2= 4.8D-01
   Bfn.  Coefficient  Atom+Function         Bfn.  Coefficient  Atom+Function  
  ----- ------------  ---------------      ----- ------------  ---------------
     4      1.000000  1 H  py         


   alpha - beta orbital overlaps 
   ----------------------------- 


   alpha      1      2      3      4      5
    beta      1      2      3      4      5
 overlap   1.000  1.000  1.000  1.000  1.000

     --------------------------
     Expectation value of S2:  
     --------------------------
      <S2> =      0.7500 (Exact =     0.7500)

                                NWChem TDDFT Module
                                -------------------


            General Information
            -------------------
           No. of orbitals :    10
            Alpha orbitals :     5
             Beta orbitals :     5
        Alpha frozen cores :     0
         Beta frozen cores :     0
     Alpha frozen virtuals :     0
      Beta frozen virtuals :     0
         Spin multiplicity :     2
    Number of AO functions :     5
        Use of symmetry is : off
      Symmetry adaption is : off
         Schwarz screening : 0.10D-10

              XC Information
              --------------
              Hartree-Fock (Exact) Exchange   1.00          

             TDDFT Information
             -----------------
          Calculation type : CIS               
         Wavefunction type : Unrestricted
          No. of electrons :     1
           Alpha electrons :     1
            Beta electrons :     0
              No. of roots :   100
          Max subspacesize :  ****
            Max iterations :   100
               Target root :     1
           Target symmetry : none
      Symmetry restriction : off
                 Algorithm : Optimal
        Davidson threshold : 0.10D-03

            Memory Information
            ------------------
          Available GA space size is          26214350 doubles
          Available MA space size is          26213828 doubles
          Length of a trial vector is            4       0
          Algorithm : Incore multiple tensor contraction
          Estimated peak GA usage is            368550 doubles
          Estimated peak MA usage is           5010000 doubles

    4 smallest eigenvalue differences (eV) 
--------------------------------------------------------
  No. Spin  Occ  Vir  Irrep   E(Occ)    E(Vir)   E(Diff)
--------------------------------------------------------
    1    1    1    2 a        -0.499     0.572    29.163
    2    1    1    3 a        -0.499     1.443    52.853
    3    1    1    4 a        -0.499     1.443    52.853
    4    1    1    5 a        -0.499     1.443    52.853
--------------------------------------------------------
          Number of roots decreased from       100 to    4

  Entering Davidson iterations
  Unrestricted

  Iter   NTrls   NConv    DeltaV     DeltaE      Time   
  ----  ------  ------  ---------  ---------  --------- 
    1      4       4     0.00E+00   0.10+100        0.0
  ----  ------  ------  ---------  ---------  --------- 
  Convergence criterion met

  Ground state a          -0.499278403420 a.u.
  <S2> =   0.7500

  ----------------------------------------------------------------------------
  Root   1         a              0.681210977 a.u.               18.5367 eV 
  <S2> =   0.7500
  ----------------------------------------------------------------------------
     Transition Moments    X  0.00000   Y  0.00000   Z  0.00000
     Transition Moments   XX  1.06711  XY  0.00000  XZ  0.00000
     Transition Moments   YY  1.06711  YZ  0.00000  ZZ  1.06711
     Dipole Oscillator Strength                         0.00000

     Electric Transition Dipole:
            X    0.0000000   Y   0.0000000   Z   0.0000000
     Magnetic Transition Dipole (Length):
            X    0.0000000   Y   0.0000000   Z   0.0000000
     Magnetic Transition Dipole * 1/c :
            X    0.0000000   Y   0.0000000   Z   0.0000000
     Rotatory Strength (1E-40 esu**2cm**2):            0.0000000

     Electric Transition Dipole (velocity representation):
            X    0.0000000   Y   0.0000000   Z   0.0000000
     Oscillator Strength (velocity repr.) :            0.0000000
     Oscillator Strength (mixed repr.   ) :            0.0000000
     Rotatory Strength   (velocity repr.) :            0.0000000

     Occ.    1 alpha a   ---  Virt.    2 alpha a      1.00000
  ----------------------------------------------------------------------------
  Root   2         a              1.409697543 a.u.               38.3598 eV 
  <S2> =   0.7500
  ----------------------------------------------------------------------------
     Transition Moments    X  0.00000   Y  0.00000   Z -0.66550
     Transition Moments   XX  0.00000  XY  0.00000  XZ  0.00000
     Transition Moments   YY  0.00000  YZ  0.00000  ZZ  0.00000
     Dipole Oscillator Strength                         0.41623

     Electric Transition Dipole:
            X    0.0000000   Y   0.0000000   Z  -0.6655026
     Magnetic Transition Dipole (Length):
            X    0.0000000   Y   0.0000000   Z   0.0000000
     Magnetic Transition Dipole * 1/c :
            X    0.0000000   Y   0.0000000   Z   0.0000000
     Rotatory Strength (1E-40 esu**2cm**2):            0.0000000

     Electric Transition Dipole (velocity representation):
            X    0.0000000   Y   0.0000000   Z  -0.3697741
     Oscillator Strength (velocity repr.) :            0.1285014
     Oscillator Strength (mixed repr.   ) :            0.2312709
     Rotatory Strength   (velocity repr.) :            0.0000000

     Occ.    1 alpha a   ---  Virt.    3 alpha a      1.00000
  ----------------------------------------------------------------------------
  Root   3         a              1.409697543 a.u.               38.3598 eV 
  <S2> =   0.7500
  ----------------------------------------------------------------------------
     Transition Moments    X -0.66550   Y  0.00000   Z  0.00000
     Transition Moments   XX  0.00000  XY  0.00000  XZ  0.00000
     Transition Moments   YY  0.00000  YZ  0.00000  ZZ  0.00000
     Dipole Oscillator Strength                         0.41623

     Electric Transition Dipole:
            X   -0.6655026   Y   0.0000000   Z   0.0000000
     Magnetic Transition Dipole (Length):
            X    0.0000000   Y   0.0000000   Z   0.0000000
     Magnetic Transition Dipole * 1/c :
            X    0.0000000   Y   0.0000000   Z   0.0000000
     Rotatory Strength (1E-40 esu**2cm**2):            0.0000000

     Electric Transition Dipole (velocity representation):
            X   -0.3697741   Y   0.0000000   Z   0.0000000
     Oscillator Strength (velocity repr.) :            0.1285014
     Oscillator Strength (mixed repr.   ) :            0.2312709
     Rotatory Strength   (velocity repr.) :            0.0000000

     Occ.    1 alpha a   ---  Virt.    4 alpha a      1.00000
  ----------------------------------------------------------------------------
  Root   4         a              1.409697543 a.u.               38.3598 eV 
  <S2> =   0.7500
  ----------------------------------------------------------------------------
     Transition Moments    X  0.00000   Y -0.66550   Z  0.00000
     Transition Moments   XX  0.00000  XY  0.00000  XZ  0.00000
     Transition Moments   YY  0.00000  YZ  0.00000  ZZ  0.00000
     Dipole Oscillator Strength                         0.41623

     Electric Transition Dipole:
            X    0.0000000   Y  -0.6655026   Z   0.0000000
     Magnetic Transition Dipole (Length):
            X    0.0000000   Y   0.0000000   Z   0.0000000
     Magnetic Transition Dipole * 1/c :
            X    0.0000000   Y   0.0000000   Z   0.0000000
     Rotatory Strength (1E-40 esu**2cm**2):            0.0000000

     Electric Transition Dipole (velocity representation):
            X    0.0000000   Y  -0.3697741   Z   0.0000000
     Oscillator Strength (velocity repr.) :            0.1285014
     Oscillator Strength (mixed repr.   ) :            0.2312709
     Rotatory Strength   (velocity repr.) :            0.0000000

     Occ.    1 alpha a   ---  Virt.    5 alpha a      1.00000

              Target root =      1
          Target symmetry = none
      Ground state energy =     -0.499278403420
        Excitation energy =      0.681210976978
     Excited state energy =      0.181932573559


 Task  times  cpu:        0.0s     wall:        0.2s


                                NWChem Input Module
                                -------------------


 Summary of allocated global arrays
-----------------------------------
  No active global arrays



                         GA Statistics for process    0
                         ------------------------------

       create   destroy   get      put      acc     scatter   gather  read&inc
calls:  239      239     2161     1208      212       64        0       98     
number of processes/call 1.00e+00 1.00e+00 1.00e+00 0.00e+00 0.00e+00
bytes total:             2.19e+05 1.19e+05 4.92e+04 2.00e+02 0.00e+00 7.84e+02
bytes remote:            0.00e+00 0.00e+00 0.00e+00 0.00e+00 0.00e+00 0.00e+00
Max memory consumed for GA by this process: 1935760 bytes

MA_summarize_allocated_blocks: starting scan ...
MA_summarize_allocated_blocks: scan completed: 0 heap blocks, 0 stack blocks
MA usage statistics:

	allocation statistics:
					      heap	     stack
					      ----	     -----
	current number of blocks	         0	         0
	maximum number of blocks	        20	        35
	current total bytes		         0	         0
	maximum total bytes		     80152	  22509912
	maximum total K-bytes		        81	     22510
	maximum total M-bytes		         1	        23


                                     CITATION
                                     --------
                Please cite the following reference when publishing
                           results obtained with NWChem:

                 M. Valiev, E.J. Bylaska, N. Govind, K. Kowalski,
              T.P. Straatsma, H.J.J. van Dam, D. Wang, J. Nieplocha,
                        E. Apra, T.L. Windus, W.A. de Jong
                 "NWChem: a comprehensive and scalable open-source
                  solution for large scale molecular simulations"
                      Comput. Phys. Commun. 181, 1477 (2010)
                           doi:10.1016/j.cpc.2010.04.018

                                      AUTHORS
                                      -------
          E. Apra, E. J. Bylaska, W. A. de Jong, N. Govind, K. Kowalski,
       T. P. Straatsma, M. Valiev, H. J. J. van Dam, D. Wang, T. L. Windus,
        J. Hammond, J. Autschbach, K. Bhaskaran-Nair, J. Brabec, K. Lopata,
       S. A. Fischer, S. Krishnamoorthy, W. Ma, M. Klemm, O. Villa, Y. Chen,
    V. Anisimov, F. Aquino, S. Hirata, M. T. Hackler, T. Risthaus, M. Malagoli,
       A. Marenich, A. Otero-de-la-Roza, J. Mullin, P. Nichols, R. Peverati,
     J. Pittner, Y. Zhao, P.-D. Fan, A. Fonari, M. Williamson, R. J. Harrison,
       J. R. Rehr, M. Dupuis, D. Silverstein, D. M. A. Smith, J. Nieplocha,
        V. Tipparaju, M. Krishnan, B. E. Van Kuiken, A. Vazquez-Mayagoitia,
        L. Jensen, M. Swart, Q. Wu, T. Van Voorhis, A. A. Auer, M. Nooijen,
      L. D. Crosby, E. Brown, G. Cisneros, G. I. Fann, H. Fruchtl, J. Garza,
        K. Hirao, R. A. Kendall, J. A. Nichols, K. Tsemekhman, K. Wolinski,
     J. Anchell, D. E. Bernholdt, P. Borowski, T. Clark, D. Clerc, H. Dachsel,
   M. J. O. Deegan, K. Dyall, D. Elwood, E. Glendening, M. Gutowski, A. C. Hess,
         J. Jaffe, B. G. Johnson, J. Ju, R. Kobayashi, R. Kutteh, Z. Lin,
   R. Littlefield, X. Long, B. Meng, T. Nakajima, S. Niu, L. Pollack, M. Rosing,
   K. Glaesemann, G. Sandrone, M. Stave, H. Taylor, G. Thomas, J. H. van Lenthe,
                               A. T. Wong, Z. Zhang.

 Total times  cpu:        0.0s     wall:        0.2s
