 argument  1 = nwchem_ord_minimal_0.0_old.in



============================== echo of input deck ==============================
echo

geometry units angstrom noautoz nocenter
symmetry c1
S          -1.71956        -0.00008        -0.00009
S           1.13397         0.99623         0.32378
S           1.13395        -0.99624        -0.32388
C          -0.51264         1.34934        -0.38930
C          -0.51251        -1.34919         0.38961
H          -0.43862         1.46792        -1.47144
H          -0.87301         2.27578         0.06671
H          -0.43822        -1.46730         1.47178
H          -0.87299        -2.27583        -0.06589
end

charge 0

basis
  * library sto-3g
end

dft
  xc hfexch
  direct
end

set prop:newaoresp 0

property
  center arb 0.0 0.0 0.0
  response 1 0.0
  convergence 1e-8
end

task dft property
================================================================================


                                         
                                         


              Northwest Computational Chemistry Package (NWChem) 6.6
              ------------------------------------------------------


                    Environmental Molecular Sciences Laboratory
                       Pacific Northwest National Laboratory
                                Richland, WA 99352

                              Copyright (c) 1994-2015
                       Pacific Northwest National Laboratory
                            Battelle Memorial Institute

             NWChem is an open-source computational chemistry package
                        distributed under the terms of the
                      Educational Community License (ECL) 2.0
             A copy of the license is included with this distribution
                              in the LICENSE.TXT file

                                  ACKNOWLEDGMENT
                                  --------------

            This software and its documentation were developed at the
            EMSL at Pacific Northwest National Laboratory, a multiprogram
            national laboratory, operated for the U.S. Department of Energy
            by Battelle under Contract Number DE-AC05-76RL01830. Support
            for this work was provided by the Department of Energy Office
            of Biological and Environmental Research, Office of Basic
            Energy Sciences, and the Office of Advanced Scientific Computing.


           Job information
           ---------------

    hostname        = copper
    program         = nwchem
    date            = Tue Apr 25 14:52:49 2017

    compiled        = Sun_Feb_14_13:23:17_2016
    source          = /build/nwchem-XLLp2O/nwchem-6.6+r27746
    nwchem branch   = 6.6
    nwchem revision = 27746
    ga revision     = 10594
    input           = nwchem_ord_minimal_0.0_old.in
    prefix          = nwchem_ord_minimal_0.0_old.
    data base       = ./nwchem_ord_minimal_0.0_old.db
    status          = startup
    nproc           =        1
    time left       =     -1s



           Memory information
           ------------------

    heap     =   13107194 doubles =    100.0 Mbytes
    stack    =   13107199 doubles =    100.0 Mbytes
    global   =   26214400 doubles =    200.0 Mbytes (distinct from heap & stack)
    total    =   52428793 doubles =    400.0 Mbytes
    verify   = yes
    hardfail = no 


           Directory information
           ---------------------

  0 permanent = .
  0 scratch   = .




                                NWChem Input Module
                                -------------------



 Scaling coordinates for geometry "geometry" by  1.889725989
 (inverse scale =  0.529177249)

 Turning off AUTOSYM since
 SYMMETRY directive was detected!



                             Geometry "geometry" -> ""
                             -------------------------

 Output coordinates in angstroms (scale by  1.889725989 to convert to a.u.)

  No.       Tag          Charge          X              Y              Z
 ---- ---------------- ---------- -------------- -------------- --------------
    1 S                   16.0000    -1.71956000    -0.00008000    -0.00009000
    2 S                   16.0000     1.13397000     0.99623000     0.32378000
    3 S                   16.0000     1.13395000    -0.99624000    -0.32388000
    4 C                    6.0000    -0.51264000     1.34934000    -0.38930000
    5 C                    6.0000    -0.51251000    -1.34919000     0.38961000
    6 H                    1.0000    -0.43862000     1.46792000    -1.47144000
    7 H                    1.0000    -0.87301000     2.27578000     0.06671000
    8 H                    1.0000    -0.43822000    -1.46730000     1.47178000
    9 H                    1.0000    -0.87299000    -2.27583000    -0.06589000

      Atomic Mass 
      ----------- 

      S                 31.972070
      C                 12.000000
      H                  1.007825


 Effective nuclear repulsion energy (a.u.)     360.5084235636

            Nuclear Dipole moment (a.u.) 
            ----------------------------
        X                 Y               Z
 ---------------- ---------------- ----------------
     0.0000377945     0.0000566918    -0.0000377945


            XYZ format geometry
            -------------------
     9
 geometry
 S                    -1.71956000    -0.00008000    -0.00009000
 S                     1.13397000     0.99623000     0.32378000
 S                     1.13395000    -0.99624000    -0.32388000
 C                    -0.51264000     1.34934000    -0.38930000
 C                    -0.51251000    -1.34919000     0.38961000
 H                    -0.43862000     1.46792000    -1.47144000
 H                    -0.87301000     2.27578000     0.06671000
 H                    -0.43822000    -1.46730000     1.47178000
 H                    -0.87299000    -2.27583000    -0.06589000

 ==============================================================================
                                internuclear distances
 ------------------------------------------------------------------------------
       center one      |      center two      | atomic units |  angstroms
 ------------------------------------------------------------------------------
    3 S                |   2 S                |     3.95915  |     2.09509
    4 C                |   1 S                |     3.49935  |     1.85178
    4 C                |   2 S                |     3.45592  |     1.82880
    5 C                |   1 S                |     3.49928  |     1.85174
    5 C                |   3 S                |     3.45591  |     1.82879
    6 H                |   4 C                |     2.06194  |     1.09113
    7 H                |   4 C                |     2.06673  |     1.09366
    8 H                |   5 C                |     2.06193  |     1.09113
    9 H                |   5 C                |     2.06671  |     1.09366
 ------------------------------------------------------------------------------
                         number of included internuclear distances:          9
 ==============================================================================



 ==============================================================================
                                 internuclear angles
 ------------------------------------------------------------------------------
        center 1       |       center 2       |       center 3       |  degrees
 ------------------------------------------------------------------------------
    4 C                |   1 S                |   5 C                |    98.64
    3 S                |   2 S                |   4 C                |    93.62
    2 S                |   3 S                |   5 C                |    93.61
    1 S                |   4 C                |   2 S                |   111.36
    1 S                |   4 C                |   6 H                |   109.38
    1 S                |   4 C                |   7 H                |   108.35
    2 S                |   4 C                |   6 H                |   110.28
    2 S                |   4 C                |   7 H                |   107.32
    6 H                |   4 C                |   7 H                |   110.11
    1 S                |   5 C                |   3 S                |   111.35
    1 S                |   5 C                |   8 H                |   109.39
    1 S                |   5 C                |   9 H                |   108.35
    3 S                |   5 C                |   8 H                |   110.28
    3 S                |   5 C                |   9 H                |   107.32
    8 H                |   5 C                |   9 H                |   110.11
 ------------------------------------------------------------------------------
                            number of included internuclear angles:         15
 ==============================================================================





 Summary of "ao basis" -> "" (cartesian)
 ------------------------------------------------------------------------------
       Tag                 Description            Shells   Functions and Types
 ---------------- ------------------------------  ------  ---------------------
 *                           sto-3g                   on all atoms 


  xc_inp: hfexch multiplicative factor not found.
                              NWChem Property Module
                              ----------------------



                                 NWChem DFT Module
                                 -----------------


                      Basis "ao basis" -> "ao basis" (cartesian)
                      -----
  S (Sulphur)
  -----------
            Exponent  Coefficients 
       -------------- ---------------------------------------------------------
  1 S  5.33125736E+02  0.154329
  1 S  9.71095183E+01  0.535328
  1 S  2.62816254E+01  0.444635

  2 S  3.33297517E+01 -0.099967
  2 S  7.74511752E+00  0.399513
  2 S  2.51895260E+00  0.700115

  3 P  3.33297517E+01  0.155916
  3 P  7.74511752E+00  0.607684
  3 P  2.51895260E+00  0.391957

  4 S  2.02919427E+00 -0.219620
  4 S  5.66140052E-01  0.225595
  4 S  2.21583379E-01  0.900398

  5 P  2.02919427E+00  0.010588
  5 P  5.66140052E-01  0.595167
  5 P  2.21583379E-01  0.462001

  C (Carbon)
  ----------
            Exponent  Coefficients 
       -------------- ---------------------------------------------------------
  1 S  7.16168370E+01  0.154329
  1 S  1.30450960E+01  0.535328
  1 S  3.53051220E+00  0.444635

  2 S  2.94124940E+00 -0.099967
  2 S  6.83483100E-01  0.399513
  2 S  2.22289900E-01  0.700115

  3 P  2.94124940E+00  0.155916
  3 P  6.83483100E-01  0.607684
  3 P  2.22289900E-01  0.391957

  H (Hydrogen)
  ------------
            Exponent  Coefficients 
       -------------- ---------------------------------------------------------
  1 S  3.42525091E+00  0.154329
  1 S  6.23913730E-01  0.535328
  1 S  1.68855400E-01  0.444635



 Summary of "ao basis" -> "ao basis" (cartesian)
 ------------------------------------------------------------------------------
       Tag                 Description            Shells   Functions and Types
 ---------------- ------------------------------  ------  ---------------------
 S                           sto-3g                  5        9   3s2p
 C                           sto-3g                  3        5   2s1p
 H                           sto-3g                  1        1   1s




 Summary of "ao basis" -> "ao basis" (cartesian)
 ------------------------------------------------------------------------------
       Tag                 Description            Shells   Functions and Types
 ---------------- ------------------------------  ------  ---------------------
 S                           sto-3g                  5        9   3s2p
 C                           sto-3g                  3        5   2s1p
 H                           sto-3g                  1        1   1s


  Caching 1-el integrals 

            General Information
            -------------------
          SCF calculation type: DFT
          Wavefunction type:  closed shell.
          No. of atoms     :     9
          No. of electrons :    64
           Alpha electrons :    32
            Beta electrons :    32
          Charge           :     0
          Spin multiplicity:     1
          Use of symmetry is: off; symmetry adaption is: off
          Maximum number of iterations:  30
          This is a Direct SCF calculation.
          AO basis - number of functions:    41
                     number of shells:    25
          Convergence on energy requested: 1.00D-06
          Convergence on density requested: 1.00D-05
          Convergence on gradient requested: 5.00D-04

              XC Information
              --------------
                     Hartree-Fock (Exact) Exchange  1.000          

          Convergence Information
          -----------------------
          Convergence aids based upon iterative change in 
          total energy or number of iterations. 
          Levelshifting, if invoked, occurs when the 
          HOMO/LUMO gap drops below (HL_TOL): 1.00D-02
          DIIS, if invoked, will attempt to extrapolate 
          using up to (NFOCK): 10 stored Fock matrices.

                    Damping( 0%)  Levelshifting(0.5)       DIIS
                  --------------- ------------------- ---------------
          dE  on:    start            ASAP                start   
          dE off:    2 iters         30 iters            30 iters 


      Screening Tolerance Information
      -------------------------------
          Density screening/tol_rho: 1.00D-10
          AO Gaussian exp screening on grid/accAOfunc:  14
          CD Gaussian exp screening on grid/accCDfunc:  20
          XC Gaussian exp screening on grid/accXCfunc:  20
          Schwarz screening/accCoul: 1.00D-08


      Superposition of Atomic Density Guess
      -------------------------------------

 Sum of atomic energies:       -1255.55926276

      Non-variational initial energy
      ------------------------------

 Total energy =   -1255.747814
 1-e energy   =   -2467.976843
 2-e energy   =     851.720605
 HOMO         =      -0.052421
 LUMO         =       0.224066

   Time after variat. SCF:      0.3
   Time prior to 1st pass:      0.3

           Memory utilization after 1st SCF pass: 
           Heap Space remaining (MW):       13.10            13102994
          Stack Space remaining (MW):       13.11            13106740

   convergence    iter        energy       DeltaE   RMS-Dens  Diis-err    time
 ---------------- ----- ----------------- --------- --------- ---------  ------
 d= 0,ls=0.0,diis     1  -1256.6020479117 -1.62D+03  2.27D-02  3.96D-01     0.6
 d= 0,ls=0.0,diis     2  -1256.6776374949 -7.56D-02  6.33D-03  7.03D-02     0.9
 d= 0,ls=0.0,diis     3  -1256.6885190321 -1.09D-02  1.83D-03  1.38D-03     1.2
 d= 0,ls=0.0,diis     4  -1256.6889784452 -4.59D-04  1.78D-04  9.44D-06     1.5
 d= 0,ls=0.0,diis     5  -1256.6889829350 -4.49D-06  6.88D-05  7.91D-07     1.7
 d= 0,ls=0.0,diis     6  -1256.6889834212 -4.86D-07  1.91D-05  4.37D-08     2.0
 d= 0,ls=0.0,diis     7  -1256.6889834527 -3.15D-08  4.85D-06  2.29D-09     2.3


         Total DFT energy =    -1256.688983452692
      One electron energy =    -2464.132873995419
           Coulomb energy =      934.398089391005
    Exchange-Corr. energy =      -87.462622411917
 Nuclear repulsion energy =      360.508423563640

 Numeric. integr. density =        0.000000000000

     Total iterative time =      2.0s



                       DFT Final Molecular Orbital Analysis
                       ------------------------------------

 Vector   17  Occ=2.000000D+00  E=-6.274927D+00
              MO Center= -1.7D+00, -8.0D-05, -9.0D-05, r^2= 6.9D-02
   Bfn.  Coefficient  Atom+Function         Bfn.  Coefficient  Atom+Function  
  ----- ------------  ---------------      ----- ------------  ---------------
     5      0.947464  1 S  pz                 4      0.272637  1 S  py         

 Vector   18  Occ=2.000000D+00  E=-1.051068D+00
              MO Center= -9.8D-02, -8.4D-05,  7.9D-05, r^2= 2.6D+00
   Bfn.  Coefficient  Atom+Function         Bfn.  Coefficient  Atom+Function  
  ----- ------------  ---------------      ----- ------------  ---------------
    15      0.346307  2 S  s                 24      0.346322  3 S  s          
     6      0.318313  1 S  s                 29      0.316340  4 C  s          
    34      0.316389  5 C  s          

 Vector   19  Occ=2.000000D+00  E=-9.352033D-01
              MO Center= -2.3D-01,  2.1D-04,  1.1D-04, r^2= 3.4D+00
   Bfn.  Coefficient  Atom+Function         Bfn.  Coefficient  Atom+Function  
  ----- ------------  ---------------      ----- ------------  ---------------
    29      0.443139  4 C  s                 34     -0.443099  5 C  s          
    15      0.280270  2 S  s                 24     -0.280225  3 S  s          

 Vector   20  Occ=2.000000D+00  E=-8.983084D-01
              MO Center= -8.1D-02, -3.6D-05, -1.2D-05, r^2= 3.2D+00
   Bfn.  Coefficient  Atom+Function         Bfn.  Coefficient  Atom+Function  
  ----- ------------  ---------------      ----- ------------  ---------------
     6      0.532925  1 S  s                 15     -0.466106  2 S  s          
    24     -0.466119  3 S  s                  2     -0.184637  1 S  s          
    29      0.160815  4 C  s                 34      0.160814  5 C  s          
    11      0.156560  2 S  s                 20      0.156565  3 S  s          

 Vector   21  Occ=2.000000D+00  E=-7.323761D-01
              MO Center= -7.3D-01, -2.8D-04,  2.1D-04, r^2= 3.8D+00
   Bfn.  Coefficient  Atom+Function         Bfn.  Coefficient  Atom+Function  
  ----- ------------  ---------------      ----- ------------  ---------------
     6      0.617091  1 S  s                 29     -0.297809  4 C  s          
    34     -0.297915  5 C  s                  2     -0.191311  1 S  s          
    31     -0.187513  4 C  py                36      0.187504  5 C  py         
    39     -0.180912  7 H  s                 41     -0.180959  9 H  s          
    38     -0.166056  6 H  s                 40     -0.166139  8 H  s          

 Vector   22  Occ=2.000000D+00  E=-7.160102D-01
              MO Center=  4.0D-01,  3.3D-04, -5.7D-05, r^2= 3.7D+00
   Bfn.  Coefficient  Atom+Function         Bfn.  Coefficient  Atom+Function  
  ----- ------------  ---------------      ----- ------------  ---------------
    15      0.623647  2 S  s                 24     -0.623572  3 S  s          
    11     -0.189915  2 S  s                 20      0.189894  3 S  s          
    29     -0.188811  4 C  s                 34      0.188650  5 C  s          
    30      0.153997  4 C  px                35     -0.154003  5 C  px         

 Vector   23  Occ=2.000000D+00  E=-5.762576D-01
              MO Center= -5.5D-01, -8.4D-04,  4.6D-04, r^2= 3.8D+00
   Bfn.  Coefficient  Atom+Function         Bfn.  Coefficient  Atom+Function  
  ----- ------------  ---------------      ----- ------------  ---------------
    32      0.329507  4 C  pz                37      0.329607  5 C  pz         
    39      0.264991  7 H  s                 41     -0.265196  9 H  s          
    38     -0.262267  6 H  s                 40      0.262427  8 H  s          
     9      0.155982  1 S  pz         

 Vector   24  Occ=2.000000D+00  E=-5.591209D-01
              MO Center= -5.1D-01,  1.1D-03, -9.1D-05, r^2= 4.0D+00
   Bfn.  Coefficient  Atom+Function         Bfn.  Coefficient  Atom+Function  
  ----- ------------  ---------------      ----- ------------  ---------------
    32      0.340847  4 C  pz                37     -0.340547  5 C  pz         
    38     -0.289099  6 H  s                 40     -0.288953  8 H  s          
    39      0.277833  7 H  s                 41      0.277601  9 H  s          
    31      0.191151  4 C  py                36     -0.191118  5 C  py         

 Vector   25  Occ=2.000000D+00  E=-4.911260D-01
              MO Center= -2.3D-02, -1.3D-04,  8.5D-05, r^2= 3.7D+00
   Bfn.  Coefficient  Atom+Function         Bfn.  Coefficient  Atom+Function  
  ----- ------------  ---------------      ----- ------------  ---------------
    16      0.351769  2 S  px                25      0.351802  3 S  px         
     7     -0.290556  1 S  px                 6      0.272006  1 S  s          
    31      0.236936  4 C  py                36     -0.236966  5 C  py         
    32     -0.191801  4 C  pz                37      0.192010  5 C  pz         
    15      0.188646  2 S  s                 24      0.188643  3 S  s          

 Vector   26  Occ=2.000000D+00  E=-4.389244D-01
              MO Center= -8.5D-01,  5.1D-05,  3.4D-05, r^2= 2.8D+00
   Bfn.  Coefficient  Atom+Function         Bfn.  Coefficient  Atom+Function  
  ----- ------------  ---------------      ----- ------------  ---------------
     8      0.461073  1 S  py                31     -0.399953  4 C  py         
    36     -0.399890  5 C  py                39     -0.205276  7 H  s          
    41      0.205326  9 H  s                 30     -0.173142  4 C  px         
    35      0.173245  5 C  px                 4     -0.158182  1 S  py         
     9     -0.152024  1 S  pz         

 Vector   27  Occ=2.000000D+00  E=-4.015954D-01
              MO Center=  5.9D-01, -1.1D-04, -6.4D-06, r^2= 3.3D+00
   Bfn.  Coefficient  Atom+Function         Bfn.  Coefficient  Atom+Function  
  ----- ------------  ---------------      ----- ------------  ---------------
    18      0.359121  2 S  pz                27      0.359194  3 S  pz         
    15      0.304762  2 S  s                 24     -0.304774  3 S  s          
    16      0.282719  2 S  px                25     -0.282714  3 S  px         
    30     -0.277759  4 C  px                35      0.277827  5 C  px         
    32     -0.176472  4 C  pz                37     -0.176602  5 C  pz         

 Vector   28  Occ=2.000000D+00  E=-3.722959D-01
              MO Center= -3.6D-02,  8.0D-06, -4.4D-05, r^2= 4.0D+00
   Bfn.  Coefficient  Atom+Function         Bfn.  Coefficient  Atom+Function  
  ----- ------------  ---------------      ----- ------------  ---------------
    17      0.474014  2 S  py                26     -0.474010  3 S  py         
     7     -0.377194  1 S  px                 6      0.350327  1 S  s          
    30      0.273899  4 C  px                35      0.273800  5 C  px         
    13     -0.153671  2 S  py                22      0.153669  3 S  py         

 Vector   29  Occ=2.000000D+00  E=-3.098669D-01
              MO Center=  1.3D-01,  1.3D-04, -2.5D-05, r^2= 4.2D+00
   Bfn.  Coefficient  Atom+Function         Bfn.  Coefficient  Atom+Function  
  ----- ------------  ---------------      ----- ------------  ---------------
     7      0.480320  1 S  px                17      0.371025  2 S  py         
    26     -0.371048  3 S  py                16      0.258506  2 S  px         
    25      0.258361  3 S  px                18      0.254503  2 S  pz         
    27     -0.254460  3 S  pz                 6     -0.242098  1 S  s          
    15      0.199792  2 S  s                 24      0.199716  3 S  s          

 Vector   30  Occ=2.000000D+00  E=-2.998526D-01
              MO Center=  9.1D-01,  1.4D-05, -4.5D-05, r^2= 2.8D+00
   Bfn.  Coefficient  Atom+Function         Bfn.  Coefficient  Atom+Function  
  ----- ------------  ---------------      ----- ------------  ---------------
    18      0.505357  2 S  pz                27      0.505310  3 S  pz         
    16     -0.387426  2 S  px                25      0.387533  3 S  px         
    17     -0.207322  2 S  py                26     -0.207262  3 S  py         
     8     -0.190160  1 S  py                30      0.166971  4 C  px         
    35     -0.166984  5 C  px                14     -0.152358  2 S  pz         

 Vector   31  Occ=2.000000D+00  E=-2.546200D-01
              MO Center= -1.6D+00, -1.2D-04, -4.3D-05, r^2= 1.6D+00
   Bfn.  Coefficient  Atom+Function         Bfn.  Coefficient  Atom+Function  
  ----- ------------  ---------------      ----- ------------  ---------------
     9      0.960666  1 S  pz                 8      0.292630  1 S  py         
     5     -0.289800  1 S  pz                38      0.152771  6 H  s          
    40     -0.152875  8 H  s          

 Vector   32  Occ=2.000000D+00  E=-2.372351D-01
              MO Center=  9.5D-01,  4.4D-05, -5.5D-05, r^2= 2.5D+00
   Bfn.  Coefficient  Atom+Function         Bfn.  Coefficient  Atom+Function  
  ----- ------------  ---------------      ----- ------------  ---------------
    18      0.652098  2 S  pz                27     -0.652038  3 S  pz         
    16     -0.284935  2 S  px                25     -0.285083  3 S  px         
    14     -0.196614  2 S  pz                23      0.196596  3 S  pz         
     7     -0.184499  1 S  px                17     -0.157008  2 S  py         
    26      0.156966  3 S  py         

 Vector   33  Occ=0.000000D+00  E= 3.059156D-01
              MO Center=  8.8D-01, -5.6D-05, -7.1D-05, r^2= 2.6D+00
   Bfn.  Coefficient  Atom+Function         Bfn.  Coefficient  Atom+Function  
  ----- ------------  ---------------      ----- ------------  ---------------
    17      0.787556  2 S  py                26      0.787603  3 S  py         
     8      0.331332  1 S  py                15     -0.241332  2 S  s          
    24      0.241283  3 S  s                 13     -0.222988  2 S  py         
    22     -0.223002  3 S  py                18      0.206635  2 S  pz         
    27      0.206527  3 S  pz                16     -0.192331  2 S  px         

 Vector   34  Occ=0.000000D+00  E= 4.019212D-01
              MO Center= -3.5D-01,  3.4D-04,  1.1D-05, r^2= 2.8D+00
   Bfn.  Coefficient  Atom+Function         Bfn.  Coefficient  Atom+Function  
  ----- ------------  ---------------      ----- ------------  ---------------
     8      0.693287  1 S  py                29     -0.490563  4 C  s          
    34      0.490306  5 C  s                 16     -0.414982  2 S  px         
    25      0.414486  3 S  px                31      0.387540  4 C  py         
    36      0.387430  5 C  py                15      0.307547  2 S  s          
    24     -0.307290  3 S  s                 17     -0.300615  2 S  py         

 Vector   35  Occ=0.000000D+00  E= 4.248371D-01
              MO Center=  1.3D-01, -1.6D-04,  5.9D-05, r^2= 3.0D+00
   Bfn.  Coefficient  Atom+Function         Bfn.  Coefficient  Atom+Function  
  ----- ------------  ---------------      ----- ------------  ---------------
    30      0.660120  4 C  px                35      0.660122  5 C  px         
    16      0.488697  2 S  px                25      0.488950  3 S  px         
    18      0.281586  2 S  pz                27     -0.281948  3 S  pz         
    15     -0.277566  2 S  s                 24     -0.277886  3 S  s          
     6      0.267872  1 S  s                  7      0.243640  1 S  px         

 Vector   36  Occ=0.000000D+00  E= 4.531028D-01
              MO Center= -7.9D-01, -1.5D-04, -3.5D-06, r^2= 2.0D+00
   Bfn.  Coefficient  Atom+Function         Bfn.  Coefficient  Atom+Function  
  ----- ------------  ---------------      ----- ------------  ---------------
     7      0.851266  1 S  px                29     -0.622779  4 C  s          
    34     -0.622958  5 C  s                  6      0.554476  1 S  s          
    31      0.434968  4 C  py                36     -0.434928  5 C  py         
    16     -0.279609  2 S  px                25     -0.279897  3 S  px         
     3     -0.230934  1 S  px                32     -0.210199  4 C  pz         

 Vector   37  Occ=0.000000D+00  E= 5.055913D-01
              MO Center= -2.8D-01,  5.0D-05,  7.1D-05, r^2= 3.2D+00
   Bfn.  Coefficient  Atom+Function         Bfn.  Coefficient  Atom+Function  
  ----- ------------  ---------------      ----- ------------  ---------------
    30      0.655512  4 C  px                35     -0.655510  5 C  px         
     8      0.593091  1 S  py                16      0.473461  2 S  px         
    25     -0.473301  3 S  px                15     -0.257738  2 S  s          
    24      0.257670  3 S  s                  9     -0.207358  1 S  pz         
    18      0.203802  2 S  pz                27      0.203868  3 S  pz         

 Vector   38  Occ=0.000000D+00  E= 6.896154D-01
              MO Center= -6.9D-01, -1.2D-05,  5.9D-04, r^2= 4.4D+00
   Bfn.  Coefficient  Atom+Function         Bfn.  Coefficient  Atom+Function  
  ----- ------------  ---------------      ----- ------------  ---------------
    39      0.806519  7 H  s                 41      0.806342  9 H  s          
    31     -0.527433  4 C  py                36      0.527455  5 C  py         
    32     -0.502212  4 C  pz                37      0.502463  5 C  pz         
    38     -0.307392  6 H  s                 40     -0.308169  8 H  s          
    29     -0.290508  4 C  s                 34     -0.289931  5 C  s          

 Vector   39  Occ=0.000000D+00  E= 7.027820D-01
              MO Center= -6.0D-01,  2.5D-02, -5.8D-02, r^2= 4.1D+00
   Bfn.  Coefficient  Atom+Function         Bfn.  Coefficient  Atom+Function  
  ----- ------------  ---------------      ----- ------------  ---------------
    32      0.686391  4 C  pz                41      0.671935  9 H  s          
    39     -0.639563  7 H  s                 37      0.633987  5 C  pz         
    38      0.574733  6 H  s                 40     -0.494300  8 H  s          
    36      0.396861  5 C  py                31      0.366514  4 C  py         
    35      0.192538  5 C  px                30     -0.191272  4 C  px         

 Vector   40  Occ=0.000000D+00  E= 7.028586D-01
              MO Center= -5.0D-01, -2.4D-02,  5.8D-02, r^2= 4.4D+00
   Bfn.  Coefficient  Atom+Function         Bfn.  Coefficient  Atom+Function  
  ----- ------------  ---------------      ----- ------------  ---------------
    40      0.847299  8 H  s                 38      0.794979  6 H  s          
    29     -0.699192  4 C  s                 34     -0.688593  5 C  s          
    37     -0.563888  5 C  pz                32      0.499159  4 C  pz         
    39      0.366444  7 H  s                 31     -0.328468  4 C  py         
    41      0.302365  9 H  s                 36      0.290965  5 C  py         

 Vector   41  Occ=0.000000D+00  E= 7.101896D-01
              MO Center= -6.3D-01, -3.8D-04,  1.4D-05, r^2= 4.7D+00
   Bfn.  Coefficient  Atom+Function         Bfn.  Coefficient  Atom+Function  
  ----- ------------  ---------------      ----- ------------  ---------------
    29      0.792871  4 C  s                 34     -0.793081  5 C  s          
    38     -0.688952  6 H  s                 40      0.688669  8 H  s          
    39     -0.568813  7 H  s                 41      0.569429  9 H  s          
    31      0.412517  4 C  py                36      0.412755  5 C  py         
    32     -0.347150  4 C  pz                37     -0.346930  5 C  pz         


 center of mass
 --------------
 x =   0.03944249 y =  -0.00000767 z =  -0.00001808

 moments of inertia (a.u.)
 ------------------
         488.010292566285          -0.002814926833           0.000088148849
          -0.002814926833         712.985627156632         -14.171523744545
           0.000088148849         -14.171523744545        1095.865298569013

     Multipole analysis of the density
     ---------------------------------

     L   x y z        total         alpha         beta         nuclear
     -   - - -        -----         -----         ----         -------
     0   0 0 0     -0.000000    -32.000000    -32.000000     64.000000

     1   1 0 0     -0.096396     -0.048217     -0.048217      0.000038
     1   0 1 0     -0.000006     -0.000031     -0.000031      0.000057
     1   0 0 1      0.000124      0.000081      0.000081     -0.000038

     2   2 0 0    -36.727997   -185.345813   -185.345813    333.963629
     2   1 1 0     -0.000162     -0.000016     -0.000016     -0.000129
     2   1 0 1     -0.000180      0.000199      0.000199     -0.000578
     2   0 2 0    -32.399778   -138.101779   -138.101779    243.803779
     2   0 1 1     -0.766559     -0.383426     -0.383426      0.000293
     2   0 0 2    -34.474360    -34.228080    -34.228080     33.981800

 *** CALLING OLD AORESP DRIVER FOR CLOSED SHELLS ***
 Entering AOResponse driver routine


--------------------------------------------------------------------------------

          ****************
          *** RESPONSE ***
          ****************

 Response module for NWChem and dynamic CPKS solver
 developed by J. Autschbach and coworkers, SUNY Buffalo
 The methodology used in this program is described in 
 J. Chem. Phys. 123 (2005), 114103
 J. Chem. Phys. 122 (2005), 224115
 J. Chem. Phys. 122 (2005), 074105
 Comp. Lett. 3 (2007), 131-150 (contact JA for a copy)
 Please cite this work in publications based on results
 obtained with this code. Thank you!


          -----------------------------------------------
          Solving response equations for perturbing field
          -----------------------------------------------

 number of frequencies:     1
 frequency in a.u.:  0.0000000E+00
 Perturbing field: electric
 Using Dipole Length Gauge

 Performing order   1 CPKS
   with frequency omega =   0.0000000E+00 a.u.

 STATIC response

                                NWChem CPHF Module
                                ------------------


  scftype          =     RHF 
  nclosed          =       32
  nopen            =        0
  variables        =      288
  # of vectors     =        3
  tolerance        = 0.10D-07
  level shift      = 0.00D+00
  max iterations   =       50
  max subspace     =       30

 SCF residual:    1.0498573484128556E-005


Iterative solution of linear equations
  No. of variables      288
  No. of equations        3
  Maximum subspace       30
        Iterations       50
       Convergence  1.0D-08
        Start time      7.6


   iter   nsub   residual    time
   ----  ------  --------  ---------
     1      3    1.58D+00       8.5
     2      6    3.24D-01       9.4
     3      9    4.87D-02      10.3
     4     12    1.69D-02      11.2
     5     15    1.54D-03      12.1
     6     18    2.61D-04      13.0
     7     21    5.18D-05      13.9
     8     24    1.10D-05      14.8
     9     27    1.73D-06      15.7
    10     30    2.27D-07      16.6
    11     30    3.30D-08      17.5
    12     30    1.73D-08      18.3
    13     30    8.51D-09      19.2
 NOTE: because of omega=0 the electric-magnetic response
       is printed as G`, NOT the beta tensor
 Electric Dipole Response Matrix (nonzero elements):

              1        2        3      
    1   34.7898  -0.0000   0.0002
    2   -0.0000  44.3286  -0.1912
    3    0.0002  -0.1912  16.8476

 DFT Linear Response polarizability / au 
 Frequency  =       0.0000000 / au
 Wavelength =        Infinity / nm
              X              Y              Z
 -----------------------------------------------
 X      34.7898336     -0.0000168      0.0002239
 Y      -0.0000168     44.3286042     -0.1911999
 Z       0.0002239     -0.1911999     16.8475963
 -----------------------------------------------
 Eigenvalues =      34.7898336     44.3299344     16.8462661
 Isotropic   =      31.9886780
 Anisotropic =      19.7343792
 -----------------------------------------------

 average:    31.988678033867814       + I    0.0000000000000000     

 Magnetic Dipole Response Matrix (nonzero elements):
 Optical rotation tensor Beta

              1        2        3      
    1   -0.0000   0.0000  -0.0000
    2   -0.0000   0.0000   0.0000
    3    0.0000  -0.0000   0.0000
 average:    7.1470607210244452E-016  + I    0.0000000000000000     

 Exiting AOResponse driver routine

 Task  times  cpu:        6.6s     wall:       19.2s


                                NWChem Input Module
                                -------------------


 Summary of allocated global arrays
-----------------------------------
  No active global arrays



                         GA Statistics for process    0
                         ------------------------------

       create   destroy   get      put      acc     scatter   gather  read&inc
calls:  448      448     9.72e+04 1.15e+04 8.08e+04  123        0     1077     
number of processes/call 1.00e+00 1.00e+00 1.00e+00 0.00e+00 0.00e+00
bytes total:             5.43e+07 7.95e+06 4.24e+07 2.30e+03 0.00e+00 8.62e+03
bytes remote:            0.00e+00 0.00e+00 0.00e+00 0.00e+00 0.00e+00 0.00e+00
Max memory consumed for GA by this process: 580832 bytes

MA_summarize_allocated_blocks: starting scan ...
MA_summarize_allocated_blocks: scan completed: 0 heap blocks, 0 stack blocks
MA usage statistics:

	allocation statistics:
					      heap	     stack
					      ----	     -----
	current number of blocks	         0	         0
	maximum number of blocks	        24	        36
	current total bytes		         0	         0
	maximum total bytes		     80152	  22512472
	maximum total K-bytes		        81	     22513
	maximum total M-bytes		         1	        23


                                     CITATION
                                     --------
                Please cite the following reference when publishing
                           results obtained with NWChem:

                 M. Valiev, E.J. Bylaska, N. Govind, K. Kowalski,
              T.P. Straatsma, H.J.J. van Dam, D. Wang, J. Nieplocha,
                        E. Apra, T.L. Windus, W.A. de Jong
                 "NWChem: a comprehensive and scalable open-source
                  solution for large scale molecular simulations"
                      Comput. Phys. Commun. 181, 1477 (2010)
                           doi:10.1016/j.cpc.2010.04.018

                                      AUTHORS
                                      -------
          E. Apra, E. J. Bylaska, W. A. de Jong, N. Govind, K. Kowalski,
       T. P. Straatsma, M. Valiev, H. J. J. van Dam, D. Wang, T. L. Windus,
        J. Hammond, J. Autschbach, K. Bhaskaran-Nair, J. Brabec, K. Lopata,
       S. A. Fischer, S. Krishnamoorthy, W. Ma, M. Klemm, O. Villa, Y. Chen,
    V. Anisimov, F. Aquino, S. Hirata, M. T. Hackler, T. Risthaus, M. Malagoli,
       A. Marenich, A. Otero-de-la-Roza, J. Mullin, P. Nichols, R. Peverati,
     J. Pittner, Y. Zhao, P.-D. Fan, A. Fonari, M. Williamson, R. J. Harrison,
       J. R. Rehr, M. Dupuis, D. Silverstein, D. M. A. Smith, J. Nieplocha,
        V. Tipparaju, M. Krishnan, B. E. Van Kuiken, A. Vazquez-Mayagoitia,
        L. Jensen, M. Swart, Q. Wu, T. Van Voorhis, A. A. Auer, M. Nooijen,
      L. D. Crosby, E. Brown, G. Cisneros, G. I. Fann, H. Fruchtl, J. Garza,
        K. Hirao, R. A. Kendall, J. A. Nichols, K. Tsemekhman, K. Wolinski,
     J. Anchell, D. E. Bernholdt, P. Borowski, T. Clark, D. Clerc, H. Dachsel,
   M. J. O. Deegan, K. Dyall, D. Elwood, E. Glendening, M. Gutowski, A. C. Hess,
         J. Jaffe, B. G. Johnson, J. Ju, R. Kobayashi, R. Kutteh, Z. Lin,
   R. Littlefield, X. Long, B. Meng, T. Nakajima, S. Niu, L. Pollack, M. Rosing,
   K. Glaesemann, G. Sandrone, M. Stave, H. Taylor, G. Thomas, J. H. van Lenthe,
                               A. T. Wong, Z. Zhang.

 Total times  cpu:        6.6s     wall:       19.2s
